// Jest Snapshot v1, https://goo.gl/fbAQLP

exports[`Home page matches snapshot 1`] = `
<DocumentFragment>
  .emotion-8 {
  --text-opacity: 1;
  --bg-opacity: 1;
  position: relative;
  width: 16rem;
  min-width: 100%;
  display: -webkit-box;
  display: -webkit-flex;
  display: -ms-flexbox;
  display: flex;
  -webkit-box-pack: center;
  -webkit-justify-content: center;
  -ms-flex-pack: center;
  justify-content: center;
  padding-top: 0.5rem;
  padding-bottom: 0.5rem;
  padding-left: 1rem;
  padding-right: 1rem;
  border-width: 1px;
  border-color: transparent;
  font-size: 0.875rem;
  line-height: 1.25rem;
  font-weight: 500;
  border-radius: 0.375rem;
  color: #ffffff;
  color: rgba(255,255,255,var(--text-opacity));
  background-color: #4b5563;
  background-color: rgba(75,85,99,var(--bg-opacity));
  -webkit-transition-property: background-color,border-color,color,fill,stroke,opacity,box-shadow,-webkit-transform;
  -webkit-transition-property: background-color,border-color,color,fill,stroke,opacity,box-shadow,transform;
  transition-property: background-color,border-color,color,fill,stroke,opacity,box-shadow,transform;
  -webkit-transition-duration: 150ms;
  transition-duration: 150ms;
  -webkit-transition-timing-function: cubic-bezier(0.4,0,0.2,1);
  transition-timing-function: cubic-bezier(0.4,0,0.2,1);
}

.emotion-8:hover {
  --bg-opacity: 1;
  background-color: #6b7280;
  background-color: rgba(107,114,128,var(--bg-opacity));
}

.emotion-8:focus {
  --border-opacity: 1;
  outline: 0;
  border-color: #374151;
  border-color: rgba(55,65,81,var(--border-opacity));
  box-shadow: 0 0 0 3px rgba(159,166,178,0.45);
}

.emotion-8:active {
  --bg-opacity: 1;
  background-color: #374151;
  background-color: rgba(55,65,81,var(--bg-opacity));
}

.emotion-7 {
  position: absolute;
  left: 0;
  top: 0;
  bottom: 0;
  display: -webkit-box;
  display: -webkit-flex;
  display: -ms-flexbox;
  display: flex;
  -webkit-align-items: center;
  -webkit-box-align: center;
  -ms-flex-align: center;
  align-items: center;
  padding-left: 0.75rem;
}

.emotion-6 {
  height: 1.25rem;
  width: 1.25rem;
  -webkit-transition-property: background-color,border-color,color,fill,stroke,opacity,box-shadow,-webkit-transform;
  -webkit-transition-property: background-color,border-color,color,fill,stroke,opacity,box-shadow,transform;
  transition-property: background-color,border-color,color,fill,stroke,opacity,box-shadow,transform;
  -webkit-transition-timing-function: cubic-bezier(0.4,0,0.2,1);
  transition-timing-function: cubic-bezier(0.4,0,0.2,1);
  -webkit-transition-duration: 150ms;
  transition-duration: 150ms;
  color: hotpink;
}

.group:hover .emotion-6 {
  --text-opacity: 1;
  color: #9fa6b2;
  color: rgba(159,166,178,var(--text-opacity));
}

.emotion-5 {
  margin-top: 0.75rem;
  margin-bottom: 0.75rem;
  font-size: 1.125rem;
}

.emotion-0 {
  --bg-opacity: 1;
  margin-left: 0.25rem;
  margin-right: 0.25rem;
  padding-top: 0.5rem;
  padding-bottom: 0.5rem;
  padding-left: 1rem;
  padding-right: 1rem;
  background-color: #16bdca;
  background-color: rgba(22,189,202,var(--bg-opacity));
  border-width: 1px;
  border-color: transparent;
  font-size: 0.875rem;
  line-height: 1.25rem;
  font-weight: 500;
  border-radius: 0.375rem;
}

.emotion-12 {
  margin-top: 2rem;
  display: grid;
  grid-gap: 1rem;
  gap: 1rem;
  grid-template-columns: repeat(1,minmax(0,1fr));
  -webkit-box-pack: center;
  -webkit-justify-content: center;
  -ms-flex-pack: center;
  justify-content: center;
  -webkit-align-items: center;
  -webkit-box-align: center;
  -ms-flex-align: center;
  align-items: center;
}

.emotion-11 {
  --text-opacity: 1;
  --bg-opacity: 1;
  position: relative;
  width: 16rem;
  min-width: 100%;
  display: -webkit-box;
  display: -webkit-flex;
  display: -ms-flexbox;
  display: flex;
  -webkit-box-pack: center;
  -webkit-justify-content: center;
  -ms-flex-pack: center;
  justify-content: center;
  padding-top: 0.5rem;
  padding-bottom: 0.5rem;
  padding-left: 1rem;
  padding-right: 1rem;
  border-width: 1px;
  border-color: transparent;
  font-size: 0.875rem;
  line-height: 1.25rem;
  font-weight: 500;
  border-radius: 0.375rem;
  color: #ffffff;
  color: rgba(255,255,255,var(--text-opacity));
  background-color: #047481;
  background-color: rgba(4,116,129,var(--bg-opacity));
  -webkit-transition-property: background-color,border-color,color,fill,stroke,opacity,box-shadow,-webkit-transform;
  -webkit-transition-property: background-color,border-color,color,fill,stroke,opacity,box-shadow,transform;
  transition-property: background-color,border-color,color,fill,stroke,opacity,box-shadow,transform;
  -webkit-transition-duration: 150ms;
  transition-duration: 150ms;
  -webkit-transition-timing-function: cubic-bezier(0.4,0,0.2,1);
  transition-timing-function: cubic-bezier(0.4,0,0.2,1);
}

.emotion-11:hover {
  --bg-opacity: 1;
  background-color: #0694a2;
  background-color: rgba(6,148,162,var(--bg-opacity));
}

.emotion-11:focus {
  --border-opacity: 1;
  outline: 0;
  border-color: #036672;
  border-color: rgba(3,102,114,var(--border-opacity));
  box-shadow: 0 0 0 3px rgba(126,220,226,0.45);
}

.emotion-11:active {
  --bg-opacity: 1;
  background-color: #036672;
  background-color: rgba(3,102,114,var(--bg-opacity));
}

.emotion-10 {
  position: absolute;
  left: 0;
  top: 0;
  bottom: 0;
  display: -webkit-box;
  display: -webkit-flex;
  display: -ms-flexbox;
  display: flex;
  -webkit-align-items: center;
  -webkit-box-align: center;
  -ms-flex-align: center;
  align-items: center;
  padding-left: 0.75rem;
}

.emotion-9 {
  height: 1.25rem;
  width: 1.25rem;
  -webkit-transition-property: background-color,border-color,color,fill,stroke,opacity,box-shadow,-webkit-transform;
  -webkit-transition-property: background-color,border-color,color,fill,stroke,opacity,box-shadow,transform;
  transition-property: background-color,border-color,color,fill,stroke,opacity,box-shadow,transform;
  -webkit-transition-timing-function: cubic-bezier(0.4,0,0.2,1);
  transition-timing-function: cubic-bezier(0.4,0,0.2,1);
  -webkit-transition-duration: 150ms;
  transition-duration: 150ms;
  color: hotpink;
}

.group:hover .emotion-9 {
  --text-opacity: 1;
  color: #16bdca;
  color: rgba(22,189,202,var(--text-opacity));
}

<div
    class="jsx-2250570153 container"
  >
    <main
      class="jsx-2250570153"
    >
      <h1
        class="jsx-2250570153 title"
      >
        Welcome to 
        <a
          class="jsx-2250570153"
          href="https://nextjs.org"
        >
          Next.js!
        </a>
      </h1>
      <p
        class="jsx-2250570153 emotion-5"
        data-testid="subtitle"
      >
        with
        <span
          class="jsx-2250570153 emotion-0"
        >
          TypeScript
        </span>
        <span
          class="jsx-2250570153 emotion-0"
        >
          ESLint
        </span>
        <span
          class="jsx-2250570153 emotion-0"
        >
          Jest
        </span>
        <span
          class="jsx-2250570153 emotion-0"
        >
          TailwindCSS
        </span>
        and
        <span
          class="jsx-2250570153 emotion-0"
        >
          Emotion
        </span>
      </p>
      <p
        class="jsx-2250570153 description"
      >
        Get started by editing 
        <code
          class="jsx-2250570153"
        >
          pages/index.tsx
        </code>
      </p>
      <button
        class="jsx-2250570153"
      >
        Test Button
      </button>
      <div
        class="jsx-2250570153 emotion-12"
      >
        <button
          class="emotion-8 group"
        >
          <span
            class="emotion-7"
          >
            <svg
              class="emotion-6"
              fill="currentColor"
              viewBox="0 0 20 20"
            >
              <path
                clip-rule="evenodd"
                d="M3.172 5.172a4 4 0 015.656 0L10 6.343l1.172-1.171a4 4 0 115.656 5.656L10 17.657l-6.828-6.829a4 4 0 010-5.656z"
                fill-rule="evenodd"
              />
            </svg>
          </span>
          Emotion CSS
        </button>
        <button
          class="group  emotion-11"
        >
          <span
            class="emotion-10"
          >
            <svg
              class="emotion-9"
              fill="currentColor"
              viewBox="0 0 20 20"
            >
              <path
                clip-rule="evenodd"
                d="M3.172 5.172a4 4 0 015.656 0L10 6.343l1.172-1.171a4 4 0 115.656 5.656L10 17.657l-6.828-6.829a4 4 0 010-5.656z"
                fill-rule="evenodd"
              />
            </svg>
          </span>
          Emotion React
        </button>
      </div>
      <div
        class="jsx-2250570153 grid"
      >
        <a
          class="jsx-2250570153 card"
          href="https://nextjs.org/docs"
        >
          <h3
            class="jsx-2250570153"
          >
            Documentation →
          </h3>
          <p
            class="jsx-2250570153"
          >
            Find in-depth information about Next.js features and API.
          </p>
        </a>
        <a
          class="jsx-2250570153 card"
          href="https://nextjs.org/learn"
        >
          <h3
            class="jsx-2250570153"
          >
            Learn →
          </h3>
          <p
            class="jsx-2250570153"
          >
            Learn about Next.js in an interactive course with quizzes!
          </p>
        </a>
        <a
          class="jsx-2250570153 card"
          href="https://github.com/vercel/next.js/tree/master/examples"
        >
          <h3
            class="jsx-2250570153"
          >
            Examples →
          </h3>
          <p
            class="jsx-2250570153"
          >
            Discover and deploy boilerplate example Next.js projects.
          </p>
        </a>
        <a
          class="jsx-2250570153 card"
          href="https://vercel.com/import?filter=next.js&utm_source=create-next-app&utm_medium=default-template&utm_campaign=create-next-app"
        >
          <h3
            class="jsx-2250570153"
          >
            Deploy →
          </h3>
          <p
            class="jsx-2250570153"
          >
            Instantly deploy your Next.js site to a public URL with Vercel.
          </p>
        </a>
      </div>
    </main>
    <footer
      class="jsx-2250570153"
    >
      <a
        class="jsx-2250570153"
        href="https://vercel.com?utm_source=create-next-app&utm_medium=default-template&utm_campaign=create-next-app"
        rel="noopener noreferrer"
        target="_blank"
      >
        Powered by 
        <img
          alt="Vercel Logo"
          class="jsx-2250570153 logo"
          src="/vercel.svg"
        />
      </a>
    </footer>
  </div>
</DocumentFragment>
`;
